{
    "output": "Enter one email address per line (type 'exit' to finish)\nNo email domains found.",
    "error": ""
}