[
    "yahoo.com: 12",
    "hotmail.com: 8",
    "gmail.com: 5"
]